../Core/Src/main.c:70:6:HAL_CAN_RxFifo0MsgPendingCallback	16	static
../Core/Src/main.c:76:6:sendMessage8	24	static
../Core/Src/main.c:102:6:sendMessage7	48	static
../Core/Src/main.c:107:6:sendMessage6	40	static
../Core/Src/main.c:112:6:sendMessage5	40	static
../Core/Src/main.c:117:6:sendMessage4	32	static
../Core/Src/main.c:122:6:sendMessage3	32	static
../Core/Src/main.c:127:6:sendMessage2	24	static
../Core/Src/main.c:132:6:sendMessage1	16	static
../Core/Src/main.c:137:6:sendMessage0	16	static
../Core/Src/main.c:142:6:waitForMessage	8	static
../Core/Src/main.c:159:5:main	176	static
../Core/Src/main.c:315:6:SystemClock_Config	72	static
../Core/Src/main.c:354:13:MX_CAN_Init	48	static
../Core/Src/main.c:405:13:MX_USART2_UART_Init	8	static
../Core/Src/main.c:440:13:MX_GPIO_Init	40	static
../Core/Src/main.c:475:6:Error_Handler	4	static,ignoring_inline_asm
